[    0.000000] Linux version 4.15.0-212-generic (buildd@lcy02-amd64-083) (gcc version 7.5.0 (Ubuntu 7.5.0-3ubuntu1~18.04)) #223-Ubuntu SMP Tue May 23 13:09:22 UTC 2023 (Ubuntu 4.15.0-212.223-generic 4.15.18)
[    0.000000] Command line: BOOT_IMAGE=/boot/vmlinuz-4.15.0-212-generic root=LABEL=cloudimg-rootfs ro console=tty1 console=ttyS0
[    0.000000] KERNEL supported cpus:
[    0.000000]   Intel GenuineIntel
[    0.000000]   AMD AuthenticAMD
[    0.000000]   Centaur CentaurHauls
[    0.000000] x86/fpu: x87 FPU will use FXSAVE
[    0.000000] e820: BIOS-provided physical RAM map:
[    0.000000] BIOS-e820: [mem 0x0000000000000000-0x000000000009fbff] usable
[    0.000000] BIOS-e820: [mem 0x000000000009fc00-0x000000000009ffff] reserved
[    0.000000] BIOS-e820: [mem 0x00000000000f0000-0x00000000000fffff] reserved
[    0.000000] BIOS-e820: [mem 0x0000000000100000-0x000000001ffeffff] usable
[    0.000000] BIOS-e820: [mem 0x000000001fff0000-0x000000001fffffff] ACPI data
[    0.000000] BIOS-e820: [mem 0x00000000fec00000-0x00000000fec00fff] reserved
[    0.000000] BIOS-e820: [mem 0x00000000fee00000-0x00000000fee00fff] reserved
[    0.000000] BIOS-e820: [mem 0x00000000fffc0000-0x00000000ffffffff] reserved
[    0.000000] NX (Execute Disable) protection: active
[    0.000000] SMBIOS 2.5 present.
[    0.000000] DMI: innotek GmbH VirtualBox/VirtualBox, BIOS VirtualBox 12/01/2006
[    0.000000] Hypervisor detected: KVM
[    0.000000] e820: last_pfn = 0x1fff0 max_arch_pfn = 0x400000000
[    0.000000] MTRR: Disabled
[    0.000000] x86/PAT: MTRRs disabled, skipping PAT initialization too.
[    0.000000] CPU MTRRs all blank - virtualized system.
[    0.000000] x86/PAT: Configuration [0-7]: WB  WT  UC- UC  WB  WT  UC- UC  
[    0.000000] found SMP MP-table at [mem 0x0009fff0-0x0009ffff]
[    0.000000] Scanning 1 areas for low memory corruption
[    0.000000] RAMDISK: [mem 0x1dafa000-0x1ee0bfff]
[    0.000000] ACPI: Early table checksum verification disabled
[    0.000000] ACPI: RSDP 0x00000000000E0000 000024 (v02 VBOX  )
[    0.000000] ACPI: XSDT 0x000000001FFF0030 00003C (v01 VBOX   VBOXXSDT 00000001 ASL  00000061)
[    0.000000] ACPI: FACP 0x000000001FFF00F0 0000F4 (v04 VBOX   VBOXFACP 00000001 ASL  00000061)
[    0.000000] ACPI: DSDT 0x000000001FFF0470 002325 (v02 VBOX   VBOXBIOS 00000002 INTL 20100528)
[    0.000000] ACPI: FACS 0x000000001FFF0200 000040
[    0.000000] ACPI: FACS 0x000000001FFF0200 000040
[    0.000000] ACPI: APIC 0x000000001FFF0240 00005C (v02 VBOX   VBOXAPIC 00000001 ASL  00000061)
[    0.000000] ACPI: SSDT 0x000000001FFF02A0 0001CC (v01 VBOX   VBOXCPUT 00000002 INTL 20100528)
[    0.000000] ACPI: Reserving FACP table memory at [mem 0x1fff00f0-0x1fff01e3]
[    0.000000] ACPI: Reserving DSDT table memory at [mem 0x1fff0470-0x1fff2794]
[    0.000000] ACPI: Reserving FACS table memory at [mem 0x1fff0200-0x1fff023f]
[    0.000000] ACPI: Reserving FACS table memory at [mem 0x1fff0200-0x1fff023f]
[    0.000000] ACPI: Reserving APIC table memory at [mem 0x1fff0240-0x1fff029b]
[    0.000000] ACPI: Reserving SSDT table memory at [mem 0x1fff02a0-0x1fff046b]
[    0.000000] No NUMA configuration found
[    0.000000] Faking a node at [mem 0x0000000000000000-0x000000001ffeffff]
[    0.000000] NODE_DATA(0) allocated [mem 0x1ffc5000-0x1ffeffff]
[    0.000000] kvm-clock: cpu 0, msr 0:1ff44001, primary cpu clock
[    0.000000] kvm-clock: Using msrs 4b564d01 and 4b564d00
[    0.000000] kvm-clock: using sched offset of 5465785064 cycles
[    0.000000] clocksource: kvm-clock: mask: 0xffffffffffffffff max_cycles: 0x1cd42e4dffb, max_idle_ns: 881590591483 ns
[    0.000000] Zone ranges:
[    0.000000]   DMA      [mem 0x0000000000001000-0x0000000000ffffff]
[    0.000000]   DMA32    [mem 0x0000000001000000-0x000000001ffeffff]
[    0.000000]   Normal   empty
[    0.000000]   Device   empty
[    0.000000] Movable zone start for each node
[    0.000000] Early memory node ranges
[    0.000000]   node   0: [mem 0x0000000000001000-0x000000000009efff]
[    0.000000]   node   0: [mem 0x0000000000100000-0x000000001ffeffff]
[    0.000000] Reserved but unavailable: 104 pages
[    0.000000] Initmem setup node 0 [mem 0x0000000000001000-0x000000001ffeffff]
[    0.000000] ACPI: PM-Timer IO Port: 0x4008
[    0.000000] IOAPIC[0]: apic_id 2, version 32, address 0xfec00000, GSI 0-23
[    0.000000] ACPI: INT_SRC_OVR (bus 0 bus_irq 0 global_irq 2 dfl dfl)
[    0.000000] ACPI: INT_SRC_OVR (bus 0 bus_irq 9 global_irq 9 low level)
[    0.000000] Using ACPI (MADT) for SMP configuration information
[    0.000000] smpboot: Allowing 2 CPUs, 0 hotplug CPUs
[    0.000000] PM: Registered nosave memory: [mem 0x00000000-0x00000fff]
[    0.000000] PM: Registered nosave memory: [mem 0x0009f000-0x0009ffff]
[    0.000000] PM: Registered nosave memory: [mem 0x000a0000-0x000effff]
[    0.000000] PM: Registered nosave memory: [mem 0x000f0000-0x000fffff]
[    0.000000] e820: [mem 0x20000000-0xfebfffff] available for PCI devices
[    0.000000] Booting paravirtualized kernel on KVM
[    0.000000] clocksource: refined-jiffies: mask: 0xffffffff max_cycles: 0xffffffff, max_idle_ns: 7645519600211568 ns
[    0.000000] setup_percpu: NR_CPUS:8192 nr_cpumask_bits:2 nr_cpu_ids:2 nr_node_ids:1
[    0.000000] percpu: Embedded 50 pages/cpu s167936 r8192 d28672 u1048576
[    0.000000] PV qspinlock hash table entries: 256 (order: 0, 4096 bytes)
[    0.000000] Built 1 zonelists, mobility grouping on.  Total pages: 128889
[    0.000000] Policy zone: DMA32
[    0.000000] Kernel command line: BOOT_IMAGE=/boot/vmlinuz-4.15.0-212-generic root=LABEL=cloudimg-rootfs ro console=tty1 console=ttyS0
[    0.000000] Memory: 466548K/523832K available (12300K kernel code, 2477K rwdata, 4324K rodata, 2480K init, 2720K bss, 57284K reserved, 0K cma-reserved)
[    0.000000] SLUB: HWalign=64, Order=0-3, MinObjects=0, CPUs=2, Nodes=1
[    0.000000] Kernel/User page tables isolation: enabled
[    0.000000] ftrace: allocating 39508 entries in 155 pages
[    0.004000] Hierarchical RCU implementation.
[    0.004000] 	RCU restricting CPUs from NR_CPUS=8192 to nr_cpu_ids=2.
[    0.004000] 	Tasks RCU enabled.
[    0.004000] RCU: Adjusting geometry for rcu_fanout_leaf=16, nr_cpu_ids=2
[    0.004000] NR_IRQS: 524544, nr_irqs: 440, preallocated irqs: 16
[    0.004000] Console: colour VGA+ 80x25
[    0.004000] console [tty1] enabled
[    0.004000] console [ttyS0] enabled
[    0.004000] ACPI: Core revision 20170831
[    0.004000] ACPI: 2 ACPI AML tables successfully acquired and loaded
[    0.004000] APIC: Switch to symmetric I/O mode setup
[    0.004000] ..TIMER: vector=0x30 apic1=0 pin1=2 apic2=-1 pin2=-1
[    0.004000] tsc: Detected 2399.998 MHz processor
[    0.004000] Calibrating delay loop (skipped) preset value.. 4799.99 BogoMIPS (lpj=9599992)
[    0.004000] pid_max: default: 32768 minimum: 301
[    0.004000] Security Framework initialized
[    0.004000] Yama: becoming mindful.
[    0.004000] AppArmor: AppArmor initialized
[    0.004000] Dentry cache hash table entries: 65536 (order: 7, 524288 bytes)
[    0.004000] Inode-cache hash table entries: 32768 (order: 6, 262144 bytes)
[    0.004000] Mount-cache hash table entries: 1024 (order: 1, 8192 bytes)
[    0.004000] Mountpoint-cache hash table entries: 1024 (order: 1, 8192 bytes)
[    0.005858] Last level iTLB entries: 4KB 64, 2MB 8, 4MB 8
[    0.008000] Last level dTLB entries: 4KB 64, 2MB 0, 4MB 0, 1GB 4
[    0.008000] Spectre V1 : Mitigation: usercopy/swapgs barriers and __user pointer sanitization
[    0.008000] Spectre V2 : Mitigation: Retpolines
[    0.008000] Spectre V2 : Spectre v2 / SpectreRSB mitigation: Filling RSB on context switch
[    0.008000] Spectre V2 : Spectre v2 / SpectreRSB : Filling RSB on VMEXIT
[    0.008000] RETBleed: WARNING: Spectre v2 mitigation leaves CPU vulnerable to RETBleed attacks, data leaks possible!
[    0.008000] RETBleed: Vulnerable
[    0.008000] Speculative Store Bypass: Vulnerable
[    0.008000] MDS: Mitigation: Clear CPU buffers
[    0.008000] MMIO Stale Data: Mitigation: Clear CPU buffers
[    0.008000] Freeing SMP alternatives memory: 36K
[    0.028000] smpboot: CPU0: Intel(R) Core(TM) i5-6200U CPU @ 2.30GHz (family: 0x6, model: 0x4e, stepping: 0x3)
[    0.028000] Performance Events: unsupported p6 CPU model 78 no PMU driver, software events only.
[    0.028000] Hierarchical SRCU implementation.
[    0.028000] NMI watchdog: Perf event create on CPU 0 failed with -2
[    0.028000] NMI watchdog: Perf NMI watchdog permanently disabled
[    0.028000] smp: Bringing up secondary CPUs ...
[    0.028000] x86: Booting SMP configuration:
[    0.028000] .... node  #0, CPUs:      #1
[    0.004000] kvm-clock: cpu 1, msr 0:1ff44041, secondary cpu clock
[    0.032000] TSC synchronization [CPU#0 -> CPU#1]:
[    0.032000] Measured 238905 cycles TSC warp between CPUs, turning off TSC clock.
[    0.032000] tsc: Marking TSC unstable due to check_tsc_sync_source failed
[    0.036406] smp: Brought up 1 node, 2 CPUs
[    0.040000] smpboot: Max logical packages: 1
[    0.040000] smpboot: Total of 2 processors activated (9599.99 BogoMIPS)
[    0.040250] devtmpfs: initialized
[    0.044000] x86/mm: Memory block size: 128MB
[    0.044000] evm: security.selinux
[    0.044000] evm: security.SMACK64
[    0.044000] evm: security.SMACK64EXEC
[    0.044000] evm: security.SMACK64TRANSMUTE
[    0.044000] evm: security.SMACK64MMAP
[    0.044000] evm: security.apparmor
[    0.044000] evm: security.ima
[    0.044000] evm: security.capability
[    0.044000] clocksource: jiffies: mask: 0xffffffff max_cycles: 0xffffffff, max_idle_ns: 7645041785100000 ns
[    0.044000] futex hash table entries: 512 (order: 3, 32768 bytes)
[    0.044000] pinctrl core: initialized pinctrl subsystem
[    0.044000] RTC time: 11:51:58, date: 06/21/23
[    0.044000] NET: Registered protocol family 16
[    0.044000] audit: initializing netlink subsys (disabled)
[    0.044000] audit: type=2000 audit(1687348323.434:1): state=initialized audit_enabled=0 res=1
[    0.060060] cpuidle: using governor ladder
[    0.064000] cpuidle: using governor menu
[    0.064000] ACPI: bus type PCI registered
[    0.064000] acpiphp: ACPI Hot Plug PCI Controller Driver version: 0.5
[    0.064000] PCI: Using configuration type 1 for base access
[    0.068593] HugeTLB registered 2.00 MiB page size, pre-allocated 0 pages
[    0.076475] ACPI: Added _OSI(Module Device)
[    0.080000] ACPI: Added _OSI(Processor Device)
[    0.080000] ACPI: Added _OSI(3.0 _SCP Extensions)
[    0.080000] ACPI: Added _OSI(Processor Aggregator Device)
[    0.080000] ACPI: Added _OSI(Linux-Dell-Video)
[    0.080000] ACPI: Added _OSI(Linux-Lenovo-NV-HDMI-Audio)
[    0.080000] ACPI: Added _OSI(Linux-HPI-Hybrid-Graphics)
[    0.084014] ACPI: Executed 1 blocks of module-level executable AML code
[    0.090879] ACPI: Interpreter enabled
[    0.092000] ACPI: (supports S0 S5)
[    0.092000] ACPI: Using IOAPIC for interrupt routing
[    0.092567] PCI: Using host bridge windows from ACPI; if necessary, use "pci=nocrs" and report a bug
[    0.096000] ACPI: Enabled 2 GPEs in block 00 to 07
[    0.111675] ACPI: PCI Root Bridge [PCI0] (domain 0000 [bus 00-ff])
[    0.112000] acpi PNP0A03:00: _OSC: OS supports [ASPM ClockPM Segments MSI]
[    0.113166] acpi PNP0A03:00: _OSC: not requesting OS control; OS requires [ExtendedConfig ASPM ClockPM MSI]
[    0.116000] acpi PNP0A03:00: fail to add MMCONFIG information, can't access extended PCI configuration space under this bridge.
[    0.117163] PCI host bridge to bus 0000:00
[    0.120000] pci_bus 0000:00: root bus resource [io  0x0000-0x0cf7 window]
[    0.120000] pci_bus 0000:00: root bus resource [io  0x0d00-0xffff window]
[    0.120000] pci_bus 0000:00: root bus resource [mem 0x000a0000-0x000bffff window]
[    0.120000] pci_bus 0000:00: root bus resource [mem 0x20000000-0xfdffffff window]
[    0.120000] pci_bus 0000:00: root bus resource [bus 00-ff]
[    0.131960] pci 0000:00:01.1: legacy IDE quirk: reg 0x10: [io  0x01f0-0x01f7]
[    0.132000] pci 0000:00:01.1: legacy IDE quirk: reg 0x14: [io  0x03f6]
[    0.132000] pci 0000:00:01.1: legacy IDE quirk: reg 0x18: [io  0x0170-0x0177]
[    0.132000] pci 0000:00:01.1: legacy IDE quirk: reg 0x1c: [io  0x0376]
[    0.155881] pci 0000:00:07.0: quirk: [io  0x4000-0x403f] claimed by PIIX4 ACPI
[    0.156000] pci 0000:00:07.0: quirk: [io  0x4100-0x410f] claimed by PIIX4 SMB
[    0.173121] ACPI: PCI Interrupt Link [LNKA] (IRQs 5 9 10 *11)
[    0.176744] ACPI: PCI Interrupt Link [LNKB] (IRQs 5 9 *10 11)
[    0.180000] ACPI: PCI Interrupt Link [LNKC] (IRQs 5 *9 10 11)
[    0.180000] ACPI: PCI Interrupt Link [LNKD] (IRQs 5 9 10 *11)
[    0.180000] SCSI subsystem initialized
[    0.180864] pci 0000:00:02.0: vgaarb: setting as boot VGA device
[    0.184000] pci 0000:00:02.0: vgaarb: VGA device added: decodes=io+mem,owns=io+mem,locks=none
[    0.184000] pci 0000:00:02.0: vgaarb: bridge control possible
[    0.184000] vgaarb: loaded
[    0.184000] ACPI: bus type USB registered
[    0.184000] usbcore: registered new interface driver usbfs
[    0.184000] usbcore: registered new interface driver hub
[    0.184000] usbcore: registered new device driver usb
[    0.184000] EDAC MC: Ver: 3.0.0
[    0.185189] PCI: Using ACPI for IRQ routing
[    0.188512] NetLabel: Initializing
[    0.192000] NetLabel:  domain hash size = 128
[    0.192000] NetLabel:  protocols = UNLABELED CIPSOv4 CALIPSO
[    0.192000] NetLabel:  unlabeled traffic allowed by default
[    0.196558] clocksource: Switched to clocksource kvm-clock
[    0.200000] VFS: Disk quotas dquot_6.6.0
[    0.200000] VFS: Dquot-cache hash table entries: 512 (order 0, 4096 bytes)
[    0.200000] AppArmor: AppArmor Filesystem Enabled
[    0.200000] pnp: PnP ACPI init
[    0.318081] pnp: PnP ACPI: found 3 devices
[    0.405519] clocksource: acpi_pm: mask: 0xffffff max_cycles: 0xffffff, max_idle_ns: 2085701024 ns
[    0.409400] NET: Registered protocol family 2
[    0.409400] IP idents hash table entries: 8192 (order: 4, 65536 bytes)
[    0.409400] TCP established hash table entries: 4096 (order: 3, 32768 bytes)
[    0.440343] TCP bind hash table entries: 4096 (order: 4, 65536 bytes)
[    0.440343] TCP: Hash tables configured (established 4096 bind 4096)
[    0.440343] UDP hash table entries: 256 (order: 1, 8192 bytes)
[    0.440343] UDP-Lite hash table entries: 256 (order: 1, 8192 bytes)
[    0.440343] NET: Registered protocol family 1
[    0.440343] pci 0000:00:00.0: Limiting direct PCI/PCI transfers
[    0.440343] pci 0000:00:01.0: Activating ISA DMA hang workarounds
[    0.440343] pci 0000:00:02.0: Video device with shadowed ROM at [mem 0x000c0000-0x000dffff]
[    0.440343] Unpacking initramfs...
[    0.440885] Freeing initrd memory: 19528K
[    1.206527] clocksource: tsc: mask: 0xffffffffffffffff max_cycles: 0x229835b7123, max_idle_ns: 440795242976 ns
[    1.210205] platform rtc_cmos: registered platform RTC device (no PNP device found)
[    1.210205] Scanning for low memory corruption every 60 seconds
[    1.246621] Initialise system trusted keyrings
[    1.249871] Key type blacklist registered
[    1.261156] workingset: timestamp_bits=36 max_order=17 bucket_order=0
[    1.264537] zbud: loaded
[    1.281568] squashfs: version 4.0 (2009/01/31) Phillip Lougher
[    1.293150] fuse init (API version 7.26)
[    1.359290] Key type asymmetric registered
[    1.363184] Asymmetric key parser 'x509' registered
[    1.363184] Block layer SCSI generic (bsg) driver version 0.4 loaded (major 246)
[    1.385383] io scheduler noop registered
[    1.388782] io scheduler deadline registered
[    1.388782] io scheduler cfq registered (default)
[    1.406054] ACPI: AC Adapter [AC] (on-line)
[    1.409392] input: Power Button as /devices/LNXSYSTM:00/LNXPWRBN:00/input/input0
[    1.426443] ACPI: Power Button [PWRF]
[    1.432545] input: Sleep Button as /devices/LNXSYSTM:00/LNXSLPBN:00/input/input1
[    1.436096] ACPI: Sleep Button [SLPF]
[    1.452863] Serial: 8250/16550 driver, 32 ports, IRQ sharing enabled
[    1.452919] ACPI: Battery Slot [BAT0] (battery present)
[    1.507007] 00:02: ttyS0 at I/O 0x3f8 (irq = 4, base_baud = 115200) is a 16550A
[    1.508069] Linux agpgart interface v0.103
[    1.531407] loop: module loaded
[    1.540858] scsi host0: ata_piix
[    1.548972] scsi host1: ata_piix
[    1.552628] ata1: PATA max UDMA/33 cmd 0x1f0 ctl 0x3f6 bmdma 0xd000 irq 14
[    1.552628] ata2: PATA max UDMA/33 cmd 0x170 ctl 0x376 bmdma 0xd008 irq 15
[    1.576442] tun: Universal TUN/TAP device driver, 1.6
[    1.579788] PPP generic driver version 2.4.2
[    1.579788] ehci_hcd: USB 2.0 'Enhanced' Host Controller (EHCI) Driver
[    1.579788] ehci-pci: EHCI PCI platform driver
[    1.579788] ehci-platform: EHCI generic platform driver
[    1.579788] ohci_hcd: USB 1.1 'Open' Host Controller (OHCI) Driver
[    1.579788] ohci-pci: OHCI PCI platform driver
[    1.579788] ohci-platform: OHCI generic platform driver
[    1.579788] uhci_hcd: USB Universal Host Controller Interface driver
[    1.579788] i8042: PNP: PS/2 Controller [PNP0303:PS2K,PNP0f03:PS2M] at 0x60,0x64 irq 1,12
[    1.686690] serio: i8042 KBD port at 0x60,0x64 irq 1
[    1.686802] serio: i8042 AUX port at 0x60,0x64 irq 12
[    1.686802] mousedev: PS/2 mouse device common for all mice
[    1.714127] rtc_cmos rtc_cmos: rtc core: registered rtc_cmos as rtc0
[    1.716548] rtc_cmos rtc_cmos: alarms up to one day, 114 bytes nvram
[    1.716548] i2c /dev entries driver
[    1.716548] device-mapper: uevent: version 1.0.3
[    1.716548] device-mapper: ioctl: 4.37.0-ioctl (2017-09-20) initialised: dm-devel@redhat.com
[    1.762503] ledtrig-cpu: registered to indicate activity on CPUs
[    1.816857] NET: Registered protocol family 10
[    1.829936] Segment Routing with IPv6
[    1.832259] NET: Registered protocol family 17
[    1.832259] Key type dns_resolver registered
[    1.863949] mce: Using 0 MCE banks
[    1.867887] input: AT Translated Set 2 keyboard as /devices/platform/i8042/serio0/input/input2
[    1.867901] RAS: Correctable Errors collector initialized.
[    1.867901] sched_clock: Marking stable (1863901759, 0)->(3877586836, -2013685077)
[    1.910515] registered taskstats version 1
[    1.916736] Loading compiled-in X.509 certificates
[    1.931759] Loaded X.509 cert 'Build time autogenerated kernel key: b5b26778eaa3ab3a4a6cee031137706e947d12ad'
[    1.948471] Loaded X.509 cert 'Canonical Ltd. Live Patch Signing: 14df34d1a87cf37625abec039ef2bf521249b969'
[    1.963683] Loaded X.509 cert 'Canonical Ltd. Kernel Module Signing: 88f752e560a1e0737e31163a466ad7b70a850c19'
[    1.978395] blacklist: Loading compiled-in revocation X.509 certificates
[    1.987778] Loaded X.509 cert 'Canonical Ltd. Secure Boot Signing: 61482aa2830d0ab2ad5af10b7250da9033ddcef0'
[    2.002615] Loaded X.509 cert 'Canonical Ltd. Secure Boot Signing (2017): 242ade75ac4a15e50d50c84b0d45ff3eae707a03'
[    2.018928] Loaded X.509 cert 'Canonical Ltd. Secure Boot Signing (ESM 2018): 365188c1d374d6b07c3c8f240f8ef722433d6a8b'
[    2.034577] Loaded X.509 cert 'Canonical Ltd. Secure Boot Signing (2019): c0746fd6c5da3ae827864651ad66ae47fe24b3e8'
[    2.049705] Loaded X.509 cert 'Canonical Ltd. Secure Boot Signing (2021 v1): a8d54bbb3825cfb94fa13c9f8a594a195c107b8d'
[    2.066236] Loaded X.509 cert 'Canonical Ltd. Secure Boot Signing (2021 v2): 4cf046892d6fd3c9a5b03f98d845f90851dc6a8c'
[    2.082030] Loaded X.509 cert 'Canonical Ltd. Secure Boot Signing (2021 v3): 100437bb6de6e469b581e61cd66bce3ef4ed53af'
[    2.097959] Loaded X.509 cert 'Canonical Ltd. Secure Boot Signing (Ubuntu Core 2019): c1d57b8f6b743f23ee41f4f7ee292f06eecadfb9'
[    2.114922] zswap: loaded using pool lzo/zbud
[    2.139303] Key type big_key registered
[    2.145913] Key type trusted registered
[    2.158323] Key type encrypted registered
[    2.165072] AppArmor: AppArmor sha1 policy hashing enabled
[    2.173600] ima: No TPM chip found, activating TPM-bypass! (rc=-19)
[    2.183512] ima: Allocated hash algorithm: sha1
[    2.191005] evm: HMAC attrs: 0x1
[    2.197663]   Magic number: 11:84:884
[    2.205020] rtc_cmos rtc_cmos: setting system clock to 2023-06-21 11:52:00 UTC (1687348320)
[    2.218032] BIOS EDD facility v0.16 2004-Jun-25, 0 devices found
[    2.227318] EDD information not available.
[    2.238955] Freeing unused kernel image memory: 2480K
[    2.269194] Write protecting the kernel read-only data: 20480k
[    2.284925] Freeing unused kernel image memory: 2008K
[    2.294006] Freeing unused kernel image memory: 1820K
[    2.309339] x86/mm: Checked W+X mappings: passed, no W+X pages found.
[    2.318815] x86/mm: Checking user space page tables
[    2.331968] x86/mm: Checked W+X mappings: passed, no W+X pages found.
Loading, please wait...
starting version 237
[    2.668677] e1000: Intel(R) PRO/1000 Network Driver - version 7.3.21-k8-NAPI
[    2.682864] e1000: Copyright (c) 1999-2006 Intel Corporation.
[    2.698598] Fusion MPT base driver 3.04.20
[    2.706121] Copyright (c) 1999-2008 LSI Corporation
[    2.741273] Fusion MPT SPI Host driver 3.04.20
[    3.582271] input: ImExPS/2 Generic Explorer Mouse as /devices/platform/i8042/serio1/input/input4
[    3.630877] e1000 0000:00:03.0 eth0: (PCI:33MHz:32-bit) 02:3b:7b:b7:3b:2d
[    3.642927] e1000 0000:00:03.0 eth0: Intel(R) PRO/1000 Network Connection
[    4.620620] e1000 0000:00:08.0 eth1: (PCI:33MHz:32-bit) 08:00:27:bf:d3:80
[    4.630592] e1000 0000:00:08.0 eth1: Intel(R) PRO/1000 Network Connection
[    4.646011] e1000 0000:00:08.0 enp0s8: renamed from eth1
[    4.657697] mptbase: ioc0: Initiating bringup
[    4.669138] e1000 0000:00:03.0 enp0s3: renamed from eth0
[    6.647614] ioc0: LSI53C1030 A0: Capabilities={Initiator}
[    7.716032] scsi host2: ioc0: LSI53C1030 A0, FwRev=00000000h, Ports=1, MaxQ=256, IRQ=20
[    8.136769] scsi 2:0:0:0: Direct-Access     VBOX     HARDDISK         1.0  PQ: 0 ANSI: 5
[    8.191182] scsi target2:0:0: Beginning Domain Validation
[    8.214765] scsi target2:0:0: Domain Validation skipping write tests
[    8.224332] scsi target2:0:0: Ending Domain Validation
[    8.233400] scsi target2:0:0: asynchronous
[    8.244213] scsi 2:0:1:0: Direct-Access     VBOX     HARDDISK         1.0  PQ: 0 ANSI: 5
[    8.677151] scsi target2:0:1: Beginning Domain Validation
[    8.701661] scsi target2:0:1: Domain Validation skipping write tests
[    8.712922] scsi target2:0:1: Ending Domain Validation
[    8.722256] scsi target2:0:1: asynchronous
[    8.750865] sd 2:0:0:0: Attached scsi generic sg0 type 0
[    8.753833] sd 2:0:0:0: [sda] 83886080 512-byte logical blocks: (42.9 GB/40.0 GiB)
[    8.761690] sd 2:0:1:0: Attached scsi generic sg1 type 0
[    8.776810] sd 2:0:1:0: [sdb] 20480 512-byte logical blocks: (10.5 MB/10.0 MiB)
[    8.784600] sd 2:0:0:0: [sda] Write Protect is off
[    8.797337] sd 2:0:1:0: [sdb] Write Protect is off
[    8.814038] sd 2:0:1:0: [sdb] Incomplete mode parameter data
[    8.814358] sd 2:0:0:0: [sda] Incomplete mode parameter data
[    8.822469] sd 2:0:1:0: [sdb] Assuming drive cache: write through
[    8.831863] sd 2:0:0:0: [sda] Assuming drive cache: write through
[    8.934003]  sda: sda1
[    8.958841] sd 2:0:1:0: [sdb] Attached SCSI disk
[    8.970895] sd 2:0:0:0: [sda] Attached SCSI disk
Begin: Loading essential drivers ... [   12.598617] raid6: sse2x1   gen() 180850 MB/s
[   14.595765] raid6: sse2x1   xor() 144874 MB/s
[   16.597584] raid6: sse2x2   gen() 245799 MB/s
[   17.595525] raid6: sse2x2   xor() 165097 MB/s
[   17.652993] raid6: sse2x4   gen() 11330 MB/s
[   18.596096] raid6: sse2x4   xor() 164437 MB/s
[   18.605209] raid6: using algorithm sse2x2 gen() 245799 MB/s
[   18.614943] raid6: .... xor() 165097 MB/s, rmw enabled
[   18.623880] raid6: using ssse3x2 recovery algorithm
[   18.636495] xor: measuring software checksum speed
[   19.628504]    prefetch64-sse: 16366.000 MB/sec
[   21.620511]    generic_sse: 12198.000 MB/sec
[   21.626878] xor: using function: prefetch64-sse (16366.000 MB/sec)
[   21.642248] async_tx: api initialized (async)
done.
Begin: Running /scripts/init-premount ... done.
Begin: Mounting root file system ... Begin: Running /scripts/local-top ... done.
Begin: Running /scripts/local-premount ... [   21.747568] Btrfs loaded, crc32c=crc32c-intel
Scanning for Btrfs filesystems
done.
Warning: fsck not present, so skipping root file system
[   21.916168] EXT4-fs (sda1): INFO: recovery required on readonly filesystem
[   21.926768] EXT4-fs (sda1): write access will be enabled during recovery
[   22.262205] EXT4-fs (sda1): recovery complete
[   22.271712] EXT4-fs (sda1): mounted filesystem with ordered data mode. Opts: (null)
done.
Begin: Running /scripts/local-bottom ... done.
Begin: Running /scripts/init-bottom ... done.
[   23.386269] ip_tables: (C) 2000-2006 Netfilter Core Team
[   23.488308] systemd[1]: systemd 237 running in system mode. (+PAM +AUDIT +SELINUX +IMA +APPARMOR +SMACK +SYSVINIT +UTMP +LIBCRYPTSETUP +GCRYPT +GNUTLS +ACL +XZ +LZ4 +SECCOMP +BLKID +ELFUTILS +KMOD -IDN2 +IDN -PCRE2 default-hierarchy=hybrid)
[   23.519875] systemd[1]: Detected virtualization oracle.
[   23.528672] systemd[1]: Detected architecture x86-64.

Welcome to [1mUbuntu 18.04.6 LTS[0m!

[   23.627389] systemd[1]: Set hostname to <web01>.
[   24.894463] random: crng init done
[   25.392134] systemd[1]: Set up automount Arbitrary Executable File Formats File System Automount Point.
[[0;32m  OK  [0m] Set up automount Arbitrary Executabâ€¦rmats File System Automount Point.
[   25.412536] systemd[1]: Reached target Swap.
[[0;32m  OK  [0m] Reached target Swap.
[   25.423622] systemd[1]: Reached target System Time Synchronized.
[[0;32m  OK  [0m] Reached target System Time Synchronized.
[   25.453606] systemd[1]: Created slice User and Session Slice.
[[0;32m  OK  [0m] Created slice User and Session Slice.
[   25.466939] systemd[1]: Started Forward Password Requests to Wall Directory Watch.
[[0;32m  OK  [0m] Started Forward Password Requests to Wall Directory Watch.
[   25.484376] systemd[1]: Created slice System Slice.
[[0;32m  OK  [0m] Created slice System Slice.
[[0;32m  OK  [0m] Listening on Device-mapper event daemon FIFOs.
[[0;32m  OK  [0m] Listening on LVM2 metadata daemon socket.
[[0;32m  OK  [0m] Listening on /dev/initctl Compatibility Named Pipe.
[[0;32m  OK  [0m] Listening on Journal Socket (/dev/log).
[[0;32m  OK  [0m] Listening on Journal Audit Socket.
[[0;32m  OK  [0m] Listening on udev Control Socket.
[[0;32m  OK  [0m] Listening on LVM2 poll daemon socket.
[[0;32m  OK  [0m] Listening on Journal Socket.
         Starting Create list of required stâ€¦ce nodes for the current kernel...
         Starting Load Kernel Modules...
         Mounting POSIX Message Queue File System...
         Starting Monitoring of LVM2 mirrorsâ€¦ng dmeventd or progress polling...
         Starting Set the console keyboard layout...
[[0;32m  OK  [0m] Created slice system-serial\x2dgetty.slice.
         Mounting Kernel Debug File System...
[[0;32m  OK  [0m] Listening on udev Kernel Socket.
         Starting Uncomplicated firewall...
[[0;32m  OK  [0m] Reached target Slices.
         Starting udev Coldplug all Devices...
[[0;32m  OK  [0m] Listening on Syslog Socket.
[   26.654847] Loading iSCSI transport class v2.0-870.
         Starting Journal Service...
         Mounting Huge Pages File System...
[[0;32m  OK  [0m] Listening on Network Service Netlink Socket.
[[0;32m  OK  [0m] Listening on fsck to fsckd communication Socket.
         Starting File System Check on Root Device...
[[0;32m  OK  [0m] Reached target User and Group Name Lookups.
[[0;32m  OK  [0m] Reached target Mounting snaps.
[[0;32m  OK  [0m] Reached target Mounted snaps.
[[0;32m  OK  [0m] Started Create list of required staâ€¦vice nodes for the current kernel.
[[0;32m  OK  [0m] Mounted POSIX Message Queue File System.
[[0;32m  OK  [0m] Mounted Kernel Debug File System.
[[0;32m  OK  [0m] Mounted Huge Pages File System.
         Starting Create Static Device Nodes in /dev...
[[0;32m  OK  [0m] Started Uncomplicated firewall.
[[0;32m  OK  [0m] Started udev Coldplug all Devices.
[   26.905498] iscsi: registered transport (tcp)
[[0;32m  OK  [0m] Started File System Check Daemon to report status.
[[0;32m  OK  [0m] Started Journal Service.
[[0;32m  OK  [0m] Started LVM2 metadata daemon.
[[0;32m  OK  [0m] Started Set the console keyboard layout.
[[0;32m  OK  [0m] Started File System Check on Root Device.
         Starting Remount Root and Kernel File Systems...
[[0;32m  OK  [0m] Started Create Static Device Nodes in /dev.
[[0;32m  OK  [0m] Started Monitoring of LVM2 mirrors,â€¦sing dmeventd or progress polling.
[   27.805601] iscsi: registered transport (iser)
[   27.814117] EXT4-fs (sda1): re-mounted. Opts: (null)
[[0;32m  OK  [0m] Started Load Kernel Modules.
[[0;32m  OK  [0m] Started Remount Root and Kernel File Systems.
         Starting Flush Journal to Persistent Storage...
[[0;32m  OK  [0m] Reached target Local File Systems (Pre).
[[0;32m  OK  [0m] Reached target Local File Systems.
         Starting Tell Plymouth To Write Out Runtime Data...
         Starting AppArmor initialization...
         Starting ebtables ruleset management...
         Starting Set console font and keymap...
         Starting Load/Save Random Seed...
         Starting udev Kernel Device Manager...
         Mounting FUSE Control File System...
         Starting Apply Kernel Variables...
         Mounting Kernel Configuration File System...
[[0;32m  OK  [0m] Started Tell Plymouth To Write Out Runtime Data.
[[0;32m  OK  [0m] Started Set console font and keymap.
[[0;32m  OK  [0m] Started Load/Save Random Seed.
[   28.133379] systemd-journald[385]: Received request to flush runtime journal from PID 1
[[0;32m  OK  [0m] Mounted FUSE Control File System.
[[0;32m  OK  [0m] Mounted Kernel Configuration File System.
[[0;32m  OK  [0m] Started Apply Kernel Variables.
[[0;32m  OK  [0m] Started ebtables ruleset management.
[[0;32m  OK  [0m] Started udev Kernel Device Manager.
[[0;32m  OK  [0m] Started Dispatch Password Requests to Console Directory Watch.
[[0;32m  OK  [0m] Reached target Local Encrypted Volumes.
[[0;32m  OK  [0m] Started Flush Journal to Persistent Storage.
         Starting Create Volatile Files and Directories...
[[0;32m  OK  [0m] Found device /dev/ttyS0.
[[0;32m  OK  [0m] Started Create Volatile Files and Directories.
         Starting Update UTMP about System Boot/Shutdown...
[[0;32m  OK  [0m] Started Update UTMP about System Boot/Shutdown.
[[0;32m  OK  [0m] Listening on Load/Save RF Kill Switch Status /dev/rfkill Watch.
[[0;32m  OK  [0m] Started AppArmor initialization.
         Starting Load AppArmor profiles managed internally by snapd...
         Starting Initial cloud-init job (pre-networking)...
         Mounting Arbitrary Executable File Formats File System...
[[0;32m  OK  [0m] Mounted Arbitrary Executable File Formats File System.
[[0;32m  OK  [0m] Started Load AppArmor profiles managed internally by snapd.
[   39.872315] cloud-init[534]: Cloud-init v. 23.1.2-0ubuntu0~18.04.1 running 'init-local' at Wed, 21 Jun 2023 11:52:37 +0000. Up 39.25 seconds.
[[0;32m  OK  [0m] Started Initial cloud-init job (pre-networking).
[[0;32m  OK  [0m] Reached target Network (Pre).
         Starting Network Service...
[[0;32m  OK  [0m] Started Network Service.
         Starting Network Name Resolution...
         Starting Wait for Network to be Configured...
[[0;32m  OK  [0m] Started Network Name Resolution.
[[0;32m  OK  [0m] Reached target Host and Network Name Lookups.
[[0;32m  OK  [0m] Reached target Network.
[[0;32m  OK  [0m] Started Wait for Network to be Configured.
         Starting Initial cloud-init job (metadata service crawler)...
[   45.184516] cloud-init[663]: Cloud-init v. 23.1.2-0ubuntu0~18.04.1 running 'init' at Wed, 21 Jun 2023 11:52:43 +0000. Up 44.93 seconds.
[   45.193589] cloud-init[663]: ci-info: ++++++++++++++++++++++++++++++++++++++Net device info+++++++++++++++++++++++++++++++++++++++
[   45.200309] cloud-init[663]: ci-info: +--------+------+-----------------------------+---------------+--------+-------------------+
[   45.214874] cloud-init[663]: ci-info: | Device |  Up  |           Address           |      Mask     | Scope  |     Hw-Address    |
[   45.226140] cloud-init[663]: ci-info: +--------+------+-----------------------------+---------------+--------+-------------------+
[   45.233221] cloud-init[663]: ci-info: | enp0s3 | True |          10.0.2.15          | 255.255.255.0 | global | 02:3b:7b:b7:3b:2d |
[   45.243412] cloud-init[663]: ci-info: | enp0s3 | True |  fe80::3b:7bff:feb7:3b2d/64 |       .       |  link  | 02:3b:7b:b7:3b:2d |
[   45.261084] cloud-init[663]: ci-info: | enp0s8 | True |        192.168.56.11        | 255.255.255.0 | global | 08:00:27:bf:d3:80 |
[   45.271268] cloud-init[663]: ci-info: | enp0s8 | True | fe80::a00:27ff:febf:d380/64 |       .       |  link  | 08:00:27:bf:d3:80 |
[   45.283951] cloud-init[663]: ci-info: |   lo   | True |          127.0.0.1          |   255.0.0.0   |  host  |         .         |
[   45.299306] cloud-init[663]: ci-info: |   lo   | True |           ::1/128           |       .       |  host  |         .         |
[   45.309863] cloud-init[663]: ci-info: +--------+------+-----------------------------+---------------+--------+-------------------+
[   45.320606] cloud-init[663]: ci-info: +++++++++++++++++++++++++++++Route IPv4 info+++++++++++++++++++++++++++++
[   45.330502] cloud-init[663]: ci-info: +-------+--------------+----------+-----------------+-----------+-------+
[   45.338007] cloud-init[663]: ci-info: | Route | Destination  | Gateway  |     Genmask     | Interface | Flags |
[   45.343922] cloud-init[663]: ci-info: +-------+--------------+----------+-----------------+-----------+-------+
[   45.354726] cloud-init[663]: ci-info: |   0   |   0.0.0.0    | 10.0.2.2 |     0.0.0.0     |   enp0s3  |   UG  |
[   45.367836] cloud-init[663]: ci-info: |   1   |   10.0.2.0   | 0.0.0.0  |  255.255.255.0  |   enp0s3  |   U   |
[   45.379462] cloud-init[663]: ci-info: |   2   |   10.0.2.2   | 0.0.0.0  | 255.255.255.255 |   enp0s3  |   UH  |
[   45.389283] cloud-init[663]: ci-info: |   3   | 192.168.56.0 | 0.0.0.0  |  255.255.255.0  |   enp0s8  |   U   |
[   45.398902] cloud-init[663]: ci-info: +-------+--------------+----------+-----------------+-----------+-------+
[   45.404858] cloud-init[663]: ci-info: +++++++++++++++++++Route IPv6 info+++++++++++++++++++
[   45.410367] cloud-init[663]: ci-info: +-------+-------------+---------+-----------+-------+
[   45.415655] cloud-init[663]: ci-info: | Route | Destination | Gateway | Interface | Flags |
[   45.425729] cloud-init[663]: ci-info: +-------+-------------+---------+-----------+-------+
[   45.431693] cloud-init[663]: ci-info: |   1   |  fe80::/64  |    ::   |   enp0s8  |   U   |
[   45.436819] cloud-init[663]: ci-info: |   2   |  fe80::/64  |    ::   |   enp0s3  |   U   |
[   45.442991] cloud-init[663]: ci-info: |   4   |    local    |    ::   |   enp0s3  |   U   |
[   45.448504] cloud-init[663]: ci-info: |   5   |    local    |    ::   |   enp0s8  |   U   |
[   45.453739] cloud-init[663]: ci-info: |   6   |   ff00::/8  |    ::   |   enp0s8  |   U   |
[   45.459439] cloud-init[663]: ci-info: |   7   |   ff00::/8  |    ::   |   enp0s3  |   U   |
[   45.467927] cloud-init[663]: ci-info: +-------+-------------+---------+-----------+-------+
[[0;32m  OK  [0m] Started Initial cloud-init job (metadata service crawler).
[[0;32m  OK  [0m] Reached target System Initialization.
[[0;32m  OK  [0m] Started Daily apt download activities.
[[0;32m  OK  [0m] Started Daily apt upgrade and clean activities.
[[0;32m  OK  [0m] Listening on Open-iSCSI iscsid Socket.
[[0;32m  OK  [0m] Started Message of the Day.
[[0;32m  OK  [0m] Listening on ACPID Listen Socket.
[[0;32m  OK  [0m] Listening on D-Bus System Message Bus Socket.
         Starting LXD - unix socket.
[[0;32m  OK  [0m] Started Ubuntu Advantage Timer for running repeated jobs.
[[0;32m  OK  [0m] Started ACPI Events Check.
[[0;32m  OK  [0m] Reached target Paths.
[[0;32m  OK  [0m] Started Discard unused blocks once a week.
         Starting Socket activation for snappy daemon.
[[0;32m  OK  [0m] Listening on cloud-init hotplug hook socket.
[[0;32m  OK  [0m] Listening on UUID daemon activation socket.
[[0;32m  OK  [0m] Started Daily Cleanup of Temporary Directories.
[[0;32m  OK  [0m] Reached target Timers.
[[0;32m  OK  [0m] Reached target Network is Online.
[[0;32m  OK  [0m] Reached target Remote File Systems (Pre).
         Mounting /vagrant...
         Starting Availability of block devices...
[[0;32m  OK  [0m] Reached target Cloud-config availability.
[[0;32m  OK  [0m] Listening on LXD - unix socket.
[[0;32m  OK  [0m] Listening on Socket activation for snappy daemon.
[[0;32m  OK  [0m] Reached target Sockets.
[[0;32m  OK  [0m] Reached target Basic System.
[[0;32m  OK  [0m] Started FUSE filesystem for LXC.
         Starting Virtualbox guest utils...
         Starting Dispatcher daemon for systemd-networkd...
[[0;32m  OK  [0m] Started irqbalance daemon.
         Starting Accounts Service...
         Starting LSB: Record successful boot for GRUB...
[[0;32m  OK  [0m] Reached target Login Prompts (Pre).
         Starting Snap Daemon...
         Starting Login Service...
[[0;32m  OK  [0m] Started Regular background program processing daemon.
[[0;32m  OK  [0m] Started D-Bus System Message Bus.
         Starting OpenBSD Secure Shell server...
         Starting System Logging Service...
[[0;32m  OK  [0m] Started Deferred execution scheduler.
         Starting LXD - container startup/shutdown...
[[0;32m  OK  [0m] Started Dispatcher daemon for systemd-networkd.
[[0;32m  OK  [0m] Mounted /vagrant.
[[0;32m  OK  [0m] Started Availability of block devices.
[[0;32m  OK  [0m] Started Login Service.
         Starting Authorization Manager...
[[0;32m  OK  [0m] Started Unattended Upgrades Shutdown.
[[0;32m  OK  [0m] Reached target Remote File Systems.
         Starting Permit User Sessions...
         Starting LSB: automatic crash report generation...
[[0;32m  OK  [0m] Started Permit User Sessions.
         Starting Terminate Plymouth Boot Screen...
         Starting Hold until boot process finishes up...
[[0;32m  OK  [0m] Started Hold until boot process finishes up.
         Starting Set console scheme...
[[0;32m  OK  [0m] Started Serial Getty on ttyS0.
[[0;32m  OK  [0m] Started Terminate Plymouth Boot Screen.
[[0;32m  OK  [0m] Started System Logging Service.
[[0;32m  OK  [0m] Started Set console scheme.
[[0;32m  OK  [0m] Created slice system-getty.slice.
[[0;32m  OK  [0m] Started Getty on tty1.
[[0;32m  OK  [0m] Reached target Login Prompts.
[[0;32m  OK  [0m] Started LSB: automatic crash report generation.
[[0;32m  OK  [0m] Started Authorization Manager.
[[0;32m  OK  [0m] Started Accounts Service.
[[0;32m  OK  [0m] Started LSB: Record successful boot for GRUB.
[[0;32m  OK  [0m] Started Virtualbox guest utils.
[[0;32m  OK  [0m] Started OpenBSD Secure Shell server.
[[0;32m  OK  [0m] Created slice User Slice of vagrant.
         Starting User Manager for UID 1000...
[[0;32m  OK  [0m] Started Session 1 of user vagrant.
[[0;32m  OK  [0m] Started Snap Daemon.
         Starting Wait until snapd is fully seeded...
         Starting Time & Date Service...
[[0;32m  OK  [0m] Started LXD - container startup/shutdown.
[[0;32m  OK  [0m] Started Time & Date Service.
[[0;32m  OK  [0m] Started User Manager for UID 1000.
[[0;32m  OK  [0m] Started Wait until snapd is fully seeded.
         Starting Apply the settings specified in cloud-config...
[   55.268718] cloud-init[1340]: Cloud-init v. 23.1.2-0ubuntu0~18.04.1 running 'modules:config' at Wed, 21 Jun 2023 11:52:52 +0000. Up 54.67 seconds.

Ubuntu 18.04.6 LTS web01 ttyS0

web01 login: [   56.512816] cloud-init[1409]: Cloud-init v. 23.1.2-0ubuntu0~18.04.1 running 'modules:final' at Wed, 21 Jun 2023 11:52:54 +0000. Up 56.02 seconds.
[   56.513074] cloud-init[1409]: Cloud-init v. 23.1.2-0ubuntu0~18.04.1 finished at Wed, 21 Jun 2023 11:52:54 +0000. Datasource DataSourceNoCloud [seed=/dev/sdb][dsmode=net].  Up 56.49 seconds
[ 4548.865806] INFO: rcu_sched detected stalls on CPUs/tasks:
[ 4548.874674] 	1-...!: (2 GPs behind) idle=c6a/140000000000000/0 softirq=20026/20026 fqs=1 
[ 4548.886690] 	(detected by 0, t=32139 jiffies, g=8314, c=8313, q=11)
[ 4558.879611] rcu_sched kthread starved for 32135 jiffies! g8314 c8313 f0x0 RCU_GP_WAIT_FQS(3) ->state=0x402 ->cpu=0
[[0;32m  OK  [0m] Stopped target Cloud-init target.
[[0;32m  OK  [0m] Stopped target Graphical Interface.
         Stopping Accounts Service...
         Stopping Session 11 of user vagrant.
[[0;32m  OK  [0m] Stopped target Host and Network Name Lookups.
         Stopping Session 14 of user vagrant.
         Stopping FUSE filesystem for LXC...
         Stopping OpenBSD Secure Shell server...
         Stopping Availability of block devices...
[[0;32m  OK  [0m] Unmounted /var/lib/lxcfs.
[[0;32m  OK  [0m] Stopped Dispatcher daemon for systemd-networkd.
[[0;32m  OK  [0m] Stopped irqbalance daemon.
[[0;32m  OK  [0m] Stopped Accounts Service.
[[0;32m  OK  [0m] Stopped Regular background program processing daemon.
[[0;32m  OK  [0m] Stopped System Logging Service.
[[0;32m  OK  [0m] Stopped Deferred execution scheduler.
[[0;32m  OK  [0m] Stopped Authorization Manager.
[[0;32m  OK  [0m] Stopped Serial Getty on ttyS0.
[[0;32m  OK  [0m] Stopped Getty on tty1.
[[0;32m  OK  [0m] Stopped OpenBSD Secure Shell server.
[[0;32m  OK  [0m] Stopped D-Bus System Message Bus.
[[0;32m  OK  [0m] Stopped FUSE filesystem for LXC.
[[0;32m  OK  [0m] Stopped Session 11 of user vagrant.
[[0;32m  OK  [0m] Removed slice system-getty.slice.
[[0;32m  OK  [0m] Stopped target Login Prompts (Pre).
[[0;32m  OK  [0m] Removed slice system-serial\x2dgetty.slice.
[[0;32m  OK  [0m] Stopped Session 14 of user vagrant.
[[0;32m  OK  [0m] Stopped A high performance web server and a reverse proxy server.
[[0;32m  OK  [0m] Stopped LXD - container startup/shutdown.
[[0;32m  OK  [0m] Stopped User Manager for UID 1000.
[[0;32m  OK  [0m] Removed slice User Slice of vagrant.
         Stopping Permit User Sessions...
         Stopping Login Service...
[[0;32m  OK  [0m] Stopped Availability of block devices.
[[0;32m  OK  [0m] Stopped Permit User Sessions.
[[0;32m  OK  [0m] Stopped Login Service.
[[0;32m  OK  [0m] Stopped target User and Group Name Lookups.
[[0;32m  OK  [0m] Stopped LSB: Record successful boot for GRUB.
[[0;32m  OK  [0m] Stopped LSB: automatic crash report generation.
[[0;32m  OK  [0m] Stopped target Remote File Systems.
         Unmounting /vagrant...
[[0;32m  OK  [0m] Unmounted /vagrant.
[[0;32m  OK  [0m] Stopped target Network is Online.
[[0;32m  OK  [0m] Stopped target Remote File Systems (Pre).
[[0;32m  OK  [0m] Stopped target Network.
         Stopping Network Name Resolution...
[[0;32m  OK  [0m] Stopped Virtualbox guest utils.
[[0;32m  OK  [0m] Stopped target Basic System.
[[0;32m  OK  [0m] Stopped target Sockets.
[[0;32m  OK  [0m] Closed Syslog Socket.
[[0;32m  OK  [0m] Closed ACPID Listen Socket.
[[0;32m  OK  [0m] Closed LXD - unix socket.
[[0;32m  OK  [0m] Closed D-Bus System Message Bus Socket.
[[0;32m  OK  [0m] Closed Socket activation for snappy daemon.
[[0;32m  OK  [0m] Closed UUID daemon activation socket.
[[0;32m  OK  [0m] Closed cloud-init hotplug hook socket.
[[0;32m  OK  [0m] Closed Open-iSCSI iscsid Socket.
[[0;32m  OK  [0m] Stopped target Paths.
[[0;32m  OK  [0m] Stopped ACPI Events Check.
[[0;32m  OK  [0m] Stopped target Slices.
[[0;32m  OK  [0m] Removed slice User and Session Slice.
[[0;32m  OK  [0m] Stopped target System Initialization.
         Stopping Load/Save Random Seed...
         Stopping Update UTMP about System Boot/Shutdown...
[[0;32m  OK  [0m] Stopped target Local Encrypted Volumes.
[[0;32m  OK  [0m] Stopped Forward Password Requests to Wall Directory Watch.
[[0;32m  OK  [0m] Stopped Dispatch Password Requests to Console Directory Watch.
[[0;32m  OK  [0m] Stopped Initial cloud-init job (metadata service crawler).
[[0;32m  OK  [0m] Stopped Network Name Resolution.
[[0;32m  OK  [0m] Stopped Load/Save Random Seed.
         Stopping Network Service...
[[0;32m  OK  [0m] Stopped Update UTMP about System Boot/Shutdown.
[[0;32m  OK  [0m] Stopped Create Volatile Files and Directories.
[[0;32m  OK  [0m] Stopped target Local File Systems.
         Unmounting /run/user/1000...
[[0;32m  OK  [0m] Stopped target Mounted snaps.
[[0;32m  OK  [0m] Stopped target Mounting snaps.
[[0;32m  OK  [0m] Unmounted /run/user/1000.
[[0;32m  OK  [0m] Reached target Unmount All Filesystems.
[[0;32m  OK  [0m] Stopped target Swap.
[[0;32m  OK  [0m] Stopped target Local File Systems (Pre).
[[0;32m  OK  [0m] Stopped Create Static Device Nodes in /dev.
         Stopping Monitoring of LVM2 mirrorsâ€¦ng dmeventd or progress polling...
[[0;32m  OK  [0m] Stopped Network Service.
[[0;32m  OK  [0m] Stopped Apply Kernel Variables.
[[0;32m  OK  [0m] Stopped Load Kernel Modules.
[[0;32m  OK  [0m] Stopped target Network (Pre).
[[0;32m  OK  [0m] Stopped Initial cloud-init job (pre-networking).
[[0;32m  OK  [0m] Stopped Remount Root and Kernel File Systems.
[[0;32m  OK  [0m] Reached target Shutdown.
[[0;32m  OK  [0m] Reached target Final Step.
         Starting Power-Off...
[ 4805.361182] reboot: Power down
